// Jest Snapshot v1, https://goo.gl/fbAQLP

exports[`button 是个 Button  1`] = `
<div>
  button
</div>
`;

exports[`button 是个 body  1`] = `
<div>
  button
</div>
`;

exports[`button 是个 button  1`] = `
<button>
  button
</button>
`;

exports[`button 是个 div  1`] = `
<div>
  button
</div>
`;
